main.c:101:6:Debug_SprintfExample	72	static
main.c:107:6:ADXL345_WriteReg	16	static
main.c:116:9:ADXL345_ReadReg	24	static
main.c:128:6:ADXL345_ReadMulti	40	dynamic
main.c:143:6:ADXL345_ReadXYZ	24	static
main.c:152:6:Test_ADXL345_ID	88	static
main.c:187:6:Debug_PrintXYZ	160	static
main.c:378:6:TM1637_Delay	8	static
main.c:383:6:TM1637_Start	8	static
main.c:390:6:TM1637_Stop	8	static
main.c:400:6:TM1637_WriteByte	16	static
main.c:425:6:TM1637_DisplayInt	32	static
main.c:469:6:TM1637_DisplayG	32	static
main.c:629:6:SystemClock_Config	160	static
main.c:524:5:main	128	static
main.c:860:6:_Error_Handler	0	static
